// Jest Snapshot v1, https://goo.gl/fbAQLP

exports[`OneOfField should render correctly with basic oneOf schema 1`] = `
<div>
  <div
    class="pf-v6-c-card"
    data-ouia-component-id="OUIA-Generated-Card-1"
    data-ouia-component-type="PF6/Card"
    data-ouia-safe="true"
    data-testid="#__field-wrapper"
    id=""
  >
    <div
      class="pf-v6-c-card__header"
    >
      <div
        class="pf-v6-c-card__actions"
      >
        <div
          aria-labelledby="#-legend"
          class="pf-v6-c-form__group"
          role="group"
        >
          <div
            class="pf-v6-c-form__group-control pf-m-stack"
          >
            <div
              aria-label="# oneof list"
              class="pf-v6-c-toggle-group"
              data-testid="#__oneof-list"
              id="#"
              role="group"
            >
              <div
                class="pf-v6-c-toggle-group__item"
              >
                <button
                  aria-pressed="true"
                  class="pf-v6-c-toggle-group__button pf-m-selected"
                  id="Test Schema 1"
                  type="button"
                >
                  <span
                    class="pf-v6-c-toggle-group__text"
                  >
                    Test Schema 1
                  </span>
                </button>
              </div>
              <div
                class="pf-v6-c-toggle-group__item"
              >
                <button
                  aria-pressed="false"
                  class="pf-v6-c-toggle-group__button"
                  id="Test Schema 2"
                  type="button"
                >
                  <span
                    class="pf-v6-c-toggle-group__text"
                  >
                    Test Schema 2
                  </span>
                </button>
              </div>
            </div>
          </div>
        </div>
      </div>
      <div
        class="pf-v6-c-card__header-main"
      >
        <div
          class="pf-v6-c-card__title"
        >
          <div
            class="pf-v6-c-card__title-text"
          >
             
            Test Schema 1
             
            <div
              style="display: contents;"
            >
              <span
                aria-label="More info for Test Schema 1 field"
                class="pf-v6-c-button pf-m-plain pf-m-no-padding"
                data-ouia-component-id="OUIA-Generated-Button-plain-1"
                data-ouia-component-type="PF6/Button"
                data-ouia-safe="true"
                role="button"
                tabindex="0"
                type="button"
              >
                <span
                  class="pf-v6-c-button__icon"
                >
                  <svg
                    aria-hidden="true"
                    class="pf-v6-svg"
                    fill="currentColor"
                    height="1em"
                    role="img"
                    viewBox="0 0 1024 1024"
                    width="1em"
                  >
                    <path
                      d="M521.3,576 C627.5,576 713.7,502 713.7,413.7 C713.7,325.4 627.6,253.6 521.3,253.6 C366,253.6 334.5,337.7 329.2,407.2 C329.2,414.3 335.2,416 343.5,416 L445,416 C450.5,416 458,415.5 460.8,406.5 C460.8,362.6 582.9,357.1 582.9,413.6 C582.9,441.9 556.2,470.9 521.3,473 C486.4,475.1 447.3,479.8 447.3,521.7 L447.3,553.8 C447.3,570.8 456.1,576 472,576 C487.9,576 521.3,576 521.3,576 M575.3,751.3 L575.3,655.3 C575.313862,651.055109 573.620137,646.982962 570.6,644 C567.638831,640.947672 563.552355,639.247987 559.3,639.29884 L463.3,639.29884 C459.055109,639.286138 454.982962,640.979863 452,644 C448.947672,646.961169 447.247987,651.047645 447.29884,655.3 L447.29884,751.3 C447.286138,755.544891 448.979863,759.617038 452,762.6 C454.961169,765.652328 459.047645,767.352013 463.3,767.30116 L559.3,767.30116 C563.544891,767.313862 567.617038,765.620137 570.6,762.6 C573.659349,759.643612 575.360354,755.553963 575.3,751.3 M512,896 C300.2,896 128,723.9 128,512 C128,300.3 300.2,128 512,128 C723.8,128 896,300.2 896,512 C896,723.8 723.7,896 512,896 M512.1,0 C229.7,0 0,229.8 0,512 C0,794.2 229.8,1024 512.1,1024 C794.4,1024 1024,794.3 1024,512 C1024,229.7 794.4,0 512.1,0"
                    />
                  </svg>
                </span>
              </span>
            </div>
          </div>
        </div>
      </div>
    </div>
    <div
      class="pf-v6-c-card__body pf-v6-c-form kaoto-form__label"
      data-testid="#__children"
    />
  </div>
</div>
`;
