// Jest Snapshot v1, https://goo.gl/fbAQLP

exports[`PasswordField should render 1`] = `
<div>
  <div
    class="pf-v6-c-form__group"
    data-testid="#__field-wrapper"
  >
    <div
      class="pf-v6-c-form__group-label"
    >
      <label
        class="pf-v6-c-form__label"
        for="#"
      >
        <span
          class="pf-v6-c-form__label-text"
        >
          #
        </span>
      </label>
        
      <span
        class="pf-v6-c-form__group-label-help"
      >
        <div
          style="display: contents;"
        >
          <span
            aria-label="More info for # field"
            class="pf-v6-c-button pf-m-plain pf-m-no-padding"
            data-ouia-component-id="OUIA-Generated-Button-plain-1"
            data-ouia-component-type="PF6/Button"
            data-ouia-safe="true"
            role="button"
            tabindex="0"
            type="button"
          >
            <span
              class="pf-v6-c-button__icon"
            >
              <svg
                aria-hidden="true"
                class="pf-v6-svg"
                fill="currentColor"
                height="1em"
                role="img"
                viewBox="0 0 1024 1024"
                width="1em"
              >
                <path
                  d="M521.3,576 C627.5,576 713.7,502 713.7,413.7 C713.7,325.4 627.6,253.6 521.3,253.6 C366,253.6 334.5,337.7 329.2,407.2 C329.2,414.3 335.2,416 343.5,416 L445,416 C450.5,416 458,415.5 460.8,406.5 C460.8,362.6 582.9,357.1 582.9,413.6 C582.9,441.9 556.2,470.9 521.3,473 C486.4,475.1 447.3,479.8 447.3,521.7 L447.3,553.8 C447.3,570.8 456.1,576 472,576 C487.9,576 521.3,576 521.3,576 M575.3,751.3 L575.3,655.3 C575.313862,651.055109 573.620137,646.982962 570.6,644 C567.638831,640.947672 563.552355,639.247987 559.3,639.29884 L463.3,639.29884 C459.055109,639.286138 454.982962,640.979863 452,644 C448.947672,646.961169 447.247987,651.047645 447.29884,655.3 L447.29884,751.3 C447.286138,755.544891 448.979863,759.617038 452,762.6 C454.961169,765.652328 459.047645,767.352013 463.3,767.30116 L559.3,767.30116 C563.544891,767.313862 567.617038,765.620137 570.6,762.6 C573.659349,759.643612 575.360354,755.553963 575.3,751.3 M512,896 C300.2,896 128,723.9 128,512 C128,300.3 300.2,128 512,128 C723.8,128 896,300.2 896,512 C896,723.8 723.7,896 512,896 M512.1,0 C229.7,0 0,229.8 0,512 C0,794.2 229.8,1024 512.1,1024 C794.4,1024 1024,794.3 1024,512 C1024,229.7 794.4,0 512.1,0"
                />
              </svg>
            </span>
          </span>
        </div>
      </span>
    </div>
    <div
      class="pf-v6-c-form__group-control"
    >
      <div
        class="pf-v6-c-text-input-group"
      >
        <div
          aria-describedby="#-popover"
          class="pf-v6-c-text-input-group__main"
          id="#"
        >
          <span
            class="pf-v6-c-text-input-group__text"
          >
            <input
              aria-label="Type to filter"
              class="pf-v6-c-text-input-group__text-input"
              name="#"
              role="textbox"
              type="password"
              value="Value"
            />
          </span>
        </div>
        <div
          class="pf-v6-c-text-input-group__utilities"
        >
          <button
            aria-label="Show # value"
            class="pf-v6-c-button pf-m-plain"
            data-ouia-component-id="OUIA-Generated-Button-plain-2"
            data-ouia-component-type="PF6/Button"
            data-ouia-safe="true"
            data-testid="#__toggle-visibility"
            type="button"
          >
            <span
              class="pf-v6-c-button__text"
            >
              <svg
                aria-hidden="true"
                class="pf-v6-svg"
                fill="currentColor"
                height="1em"
                role="img"
                viewBox="0 0 576 512"
                width="1em"
              >
                <path
                  d="M572.52 241.4C518.29 135.59 410.93 64 288 64S57.68 135.64 3.48 241.41a32.35 32.35 0 0 0 0 29.19C57.71 376.41 165.07 448 288 448s230.32-71.64 284.52-177.41a32.35 32.35 0 0 0 0-29.19zM288 400a144 144 0 1 1 144-144 143.93 143.93 0 0 1-144 144zm0-240a95.31 95.31 0 0 0-25.31 3.79 47.85 47.85 0 0 1-66.9 66.9A95.78 95.78 0 1 0 288 160z"
                />
              </svg>
            </span>
          </button>
          <button
            aria-expanded="false"
            aria-label="#__field-actions"
            class="pf-v6-c-menu-toggle pf-m-plain"
            data-ouia-component-id="OUIA-Generated-MenuToggle-plain-1"
            data-ouia-component-type="PF6/MenuToggle"
            data-ouia-safe="true"
            data-testid="#__field-actions"
            type="button"
          >
            <span
              class="pf-v6-c-menu-toggle__icon"
            >
              <svg
                aria-hidden="true"
                class="pf-v6-svg"
                fill="currentColor"
                height="1em"
                role="img"
                viewBox="0 0 192 512"
                width="1em"
              >
                <path
                  d="M96 184c39.8 0 72 32.2 72 72s-32.2 72-72 72-72-32.2-72-72 32.2-72 72-72zM24 80c0 39.8 32.2 72 72 72s72-32.2 72-72S135.8 8 96 8 24 40.2 24 80zm0 352c0 39.8 32.2 72 72 72s72-32.2 72-72-32.2-72-72-72-72 32.2-72 72z"
                />
              </svg>
            </span>
          </button>
        </div>
      </div>
    </div>
  </div>
</div>
`;
