// Jest Snapshot v1, https://goo.gl/fbAQLP

exports[`KaotoForm should validate the model 1`] = `
<DocumentFragment>
  <code>
    {
  "#.name": [
    "must have required property 'name'"
  ]
}
  </code>
  <form
    class="pf-v6-c-form kaoto-form kaoto-form__label"
    data-testid="kaoto-form"
    novalidate=""
  >
    <div
      class="pf-v6-c-form__group"
      data-testid="#.name__field-wrapper"
    >
      <div
        class="pf-v6-c-form__group-label"
      >
        <label
          class="pf-v6-c-form__label"
          for="#.name"
        >
          <span
            class="pf-v6-c-form__label-text"
          >
            Name
          </span>
          <span
            aria-hidden="true"
            class="pf-v6-c-form__label-required"
          >
             *
          </span>
        </label>
          
        <span
          class="pf-v6-c-form__group-label-help"
        >
          <div
            style="display: contents;"
          >
            <span
              aria-label="More info for Name field"
              class="pf-v6-c-button pf-m-plain pf-m-no-padding"
              data-ouia-component-id="OUIA-Generated-Button-plain-7"
              data-ouia-component-type="PF6/Button"
              data-ouia-safe="true"
              role="button"
              tabindex="0"
              type="button"
            >
              <span
                class="pf-v6-c-button__icon"
              >
                <svg
                  aria-hidden="true"
                  class="pf-v6-svg"
                  fill="currentColor"
                  height="1em"
                  role="img"
                  viewBox="0 0 1024 1024"
                  width="1em"
                >
                  <path
                    d="M521.3,576 C627.5,576 713.7,502 713.7,413.7 C713.7,325.4 627.6,253.6 521.3,253.6 C366,253.6 334.5,337.7 329.2,407.2 C329.2,414.3 335.2,416 343.5,416 L445,416 C450.5,416 458,415.5 460.8,406.5 C460.8,362.6 582.9,357.1 582.9,413.6 C582.9,441.9 556.2,470.9 521.3,473 C486.4,475.1 447.3,479.8 447.3,521.7 L447.3,553.8 C447.3,570.8 456.1,576 472,576 C487.9,576 521.3,576 521.3,576 M575.3,751.3 L575.3,655.3 C575.313862,651.055109 573.620137,646.982962 570.6,644 C567.638831,640.947672 563.552355,639.247987 559.3,639.29884 L463.3,639.29884 C459.055109,639.286138 454.982962,640.979863 452,644 C448.947672,646.961169 447.247987,651.047645 447.29884,655.3 L447.29884,751.3 C447.286138,755.544891 448.979863,759.617038 452,762.6 C454.961169,765.652328 459.047645,767.352013 463.3,767.30116 L559.3,767.30116 C563.544891,767.313862 567.617038,765.620137 570.6,762.6 C573.659349,759.643612 575.360354,755.553963 575.3,751.3 M512,896 C300.2,896 128,723.9 128,512 C128,300.3 300.2,128 512,128 C723.8,128 896,300.2 896,512 C896,723.8 723.7,896 512,896 M512.1,0 C229.7,0 0,229.8 0,512 C0,794.2 229.8,1024 512.1,1024 C794.4,1024 1024,794.3 1024,512 C1024,229.7 794.4,0 512.1,0"
                  />
                </svg>
              </span>
            </span>
          </div>
        </span>
      </div>
      <div
        class="pf-v6-c-form__group-control"
      >
        <div
          class="pf-v6-c-text-input-group pf-m-error"
        >
          <div
            aria-describedby="#.name-popover"
            class="pf-v6-c-text-input-group__main pf-m-icon kaoto-form__string-field"
            id="#.name"
          >
            <span
              class="pf-v6-c-text-input-group__text"
            >
              <input
                aria-label="Name"
                class="pf-v6-c-text-input-group__text-input"
                name="#.name"
                role="textbox"
                type="text"
                value=""
              />
              <span
                class="pf-v6-c-text-input-group__icon pf-m-status"
              >
                <svg
                  aria-hidden="true"
                  class="pf-v6-svg"
                  fill="currentColor"
                  height="1em"
                  role="img"
                  viewBox="0 0 512 512"
                  width="1em"
                >
                  <path
                    d="M504 256c0 136.997-111.043 248-248 248S8 392.997 8 256C8 119.083 119.043 8 256 8s248 111.083 248 248zm-248 50c-25.405 0-46 20.595-46 46s20.595 46 46 46 46-20.595 46-46-20.595-46-46-46zm-43.673-165.346l7.418 136c.347 6.364 5.609 11.346 11.982 11.346h48.546c6.373 0 11.635-4.982 11.982-11.346l7.418-136c.375-6.874-5.098-12.654-11.982-12.654h-63.383c-6.884 0-12.356 5.78-11.981 12.654z"
                  />
                </svg>
              </span>
            </span>
          </div>
          <div
            class="pf-v6-c-text-input-group__utilities"
          >
            <button
              aria-expanded="false"
              aria-label="#.name__field-actions"
              class="pf-v6-c-menu-toggle pf-m-plain"
              data-ouia-component-id="OUIA-Generated-MenuToggle-plain-7"
              data-ouia-component-type="PF6/MenuToggle"
              data-ouia-safe="true"
              data-testid="#.name__field-actions"
              type="button"
            >
              <span
                class="pf-v6-c-menu-toggle__icon"
              >
                <svg
                  aria-hidden="true"
                  class="pf-v6-svg"
                  fill="currentColor"
                  height="1em"
                  role="img"
                  viewBox="0 0 192 512"
                  width="1em"
                >
                  <path
                    d="M96 184c39.8 0 72 32.2 72 72s-32.2 72-72 72-72-32.2-72-72 32.2-72 72-72zM24 80c0 39.8 32.2 72 72 72s72-32.2 72-72S135.8 8 96 8 24 40.2 24 80zm0 352c0 39.8 32.2 72 72 72s72-32.2 72-72-32.2-72-72-72-72 32.2-72 72z"
                  />
                </svg>
              </span>
            </button>
          </div>
        </div>
      </div>
    </div>
    <div
      class="pf-v6-c-form__helper-text"
    >
      <div
        class="pf-v6-c-helper-text"
      >
        <div
          class="pf-v6-c-helper-text__item pf-m-error"
        >
          <span
            class="pf-v6-c-helper-text__item-icon"
          >
            <svg
              aria-hidden="true"
              class="pf-v6-svg"
              fill="currentColor"
              height="1em"
              role="img"
              viewBox="0 0 512 512"
              width="1em"
            >
              <path
                d="M504 256c0 136.997-111.043 248-248 248S8 392.997 8 256C8 119.083 119.043 8 256 8s248 111.083 248 248zm-248 50c-25.405 0-46 20.595-46 46s20.595 46 46 46 46-20.595 46-46-20.595-46-46-46zm-43.673-165.346l7.418 136c.347 6.364 5.609 11.346 11.982 11.346h48.546c6.373 0 11.635-4.982 11.982-11.346l7.418-136c.375-6.874-5.098-12.654-11.982-12.654h-63.383c-6.884 0-12.356 5.78-11.981 12.654z"
              />
            </svg>
          </span>
          <span
            class="pf-v6-c-helper-text__item-text"
          >
            <div
              aria-atomic="true"
              aria-live="polite"
              id="#.name-popover"
            >
              must have required property 'name'
            </div>
            <span
              class="pf-v6-screen-reader"
            >
              : error status;
            </span>
          </span>
        </div>
      </div>
    </div>
  </form>
  <div
    class="pf-v6-c-card kaoto-form kaoto-form__empty"
    data-ouia-component-id="OUIA-Generated-Card-7"
    data-ouia-component-type="PF6/Card"
    data-ouia-safe="true"
    data-testid="no-field-found"
    id=""
  >
    <div
      class="pf-v6-c-card__body"
    >
      <div
        class="pf-v6-c-alert pf-m-info"
        data-ouia-component-id="OUIA-Generated-Alert-info-7"
        data-ouia-component-type="PF6/Alert"
        data-ouia-safe="true"
      >
        <div
          class="pf-v6-c-alert__icon"
        >
          <svg
            aria-hidden="true"
            class="pf-v6-svg"
            fill="currentColor"
            height="1em"
            role="img"
            viewBox="0 0 512 512"
            width="1em"
          >
            <path
              d="M256 8C119.043 8 8 119.083 8 256c0 136.997 111.043 248 248 248s248-111.003 248-248C504 119.083 392.957 8 256 8zm0 110c23.196 0 42 18.804 42 42s-18.804 42-42 42-42-18.804-42-42 18.804-42 42-42zm56 254c0 6.627-5.373 12-12 12h-88c-6.627 0-12-5.373-12-12v-24c0-6.627 5.373-12 12-12h12v-64h-12c-6.627 0-12-5.373-12-12v-24c0-6.627 5.373-12 12-12h64c6.627 0 12 5.373 12 12v100h12c6.627 0 12 5.373 12 12v24z"
            />
          </svg>
        </div>
        <h4
          class="pf-v6-c-alert__title"
        >
          <span
            class="pf-v6-screen-reader"
          >
            Info alert:
          </span>
          No Required fields found
        </h4>
        <div
          class="pf-v6-c-alert__description"
        >
          No field found matching this criteria. Please switch to the 
          <button
            class="pf-v6-c-button pf-m-link pf-m-inline"
            data-ouia-component-id="OUIA-Generated-Button-link-7"
            data-ouia-component-type="PF6/Button"
            data-ouia-safe="true"
            type="button"
          >
            <span
              class="pf-v6-c-button__text"
            >
              <b>
                All
              </b>
            </span>
          </button>
           tab.
        </div>
      </div>
    </div>
  </div>
  <button
    data-testid="validate"
    title="validate"
    type="button"
  />
</DocumentFragment>
`;
